[rexbd.net/html/renten/demo/home-two.html]
[backblue.gif]
[fade.gif]
[index.html]
[rexbd.net/html/renten/demo/assets/images/favicon.jpg]
[rexbd.net/html/renten/demo/assets/css/fontawesome.min.css]
[rexbd.net/html/renten/demo/assets/css/bootstrap.min.css]
[rexbd.net/html/renten/demo/assets/css/lightcase.css]
[rexbd.net/html/renten/demo/assets/css/animate.css]
[rexbd.net/html/renten/demo/assets/css/nice-select.css]
[rexbd.net/html/renten/demo/assets/css/datepicker.min.css]
[rexbd.net/html/renten/demo/assets/css/wickedpicker.min.css]
[rexbd.net/html/renten/demo/assets/css/jquery-ui.min.css]
[rexbd.net/html/renten/demo/assets/css/owl.carousel.min.css]
[rexbd.net/html/renten/demo/assets/css/main.css]
[rexbd.net/html/renten/demo/home-one.html]
[rexbd.net/html/renten/demo/assets/images/logo2.png]
[rexbd.net/html/renten/demo/about.html]
[rexbd.net/html/renten/demo/car-list-one.html]
[rexbd.net/html/renten/demo/car-list-two.html]
[rexbd.net/html/renten/demo/reservation.html]
[rexbd.net/html/renten/demo/login.html]
[rexbd.net/html/renten/demo/registration.html]
[rexbd.net/html/renten/demo/error-404.html]
[rexbd.net/html/renten/demo/blog.html]
[rexbd.net/html/renten/demo/blog-details.html]
[rexbd.net/html/renten/demo/contact.html]
[rexbd.net/html/renten/demo/assets/images/banner.jpg]
[rexbd.net/html/renten/demo/assets/images/elements/circle-car.png]
[rexbd.net/html/renten/demo/assets/images/elements/car2.png]
[rexbd.net/html/renten/demo/assets/images/bg1.jpg]
[rexbd.net/html/renten/demo/assets/images/cars/v1.jpg]
[rexbd.net/html/renten/demo/assets/images/cars/v2.jpg]
[rexbd.net/html/renten/demo/assets/images/cars/v3.jpg]
[rexbd.net/html/renten/demo/assets/images/cars/v4.jpg]
[rexbd.net/html/renten/demo/assets/images/bg2.jpg]
[rexbd.net/html/renten/demo/assets/images/testimonial/1.jpg]
[rexbd.net/html/renten/demo/assets/images/choose-us/1.jpg]
[rexbd.net/html/renten/demo/assets/images/choose-us/2.jpg]
[rexbd.net/html/renten/demo/assets/images/choose-us/3.jpg]
[rexbd.net/html/renten/demo/assets/images/team/4.jpg]
[rexbd.net/html/renten/demo/assets/images/team/5.jpg]
[rexbd.net/html/renten/demo/assets/images/team/6.jpg]
[rexbd.net/html/renten/demo/assets/images/team/7.jpg]
[rexbd.net/html/renten/demo/assets/images/elements/google-btn.png]
[rexbd.net/html/renten/demo/assets/images/elements/apple-btn.png]
[rexbd.net/html/renten/demo/assets/images/elements/apps-img.png]
[rexbd.net/html/renten/demo/assets/images/blog/5.jpg]
[rexbd.net/html/renten/demo/assets/images/blog/6.jpg]
[rexbd.net/html/renten/demo/assets/images/brand-logo/5.png]
[rexbd.net/html/renten/demo/assets/images/brand-logo/6.png]
[rexbd.net/html/renten/demo/assets/images/brand-logo/7.png]
[rexbd.net/html/renten/demo/assets/images/logo-footer.png]
[rexbd.net/html/renten/demo/assets/images/money-method/1.png]
[rexbd.net/html/renten/demo/assets/images/money-method/2.png]
[rexbd.net/html/renten/demo/assets/images/money-method/3.png]
[rexbd.net/html/renten/demo/assets/js/lightcase.js]
[rexbd.net/html/renten/demo/assets/js/bootstrap.min.js]
[rexbd.net/html/renten/demo/assets/js/wow.min.js]
[rexbd.net/html/renten/demo/assets/js/jquery.nice-select.min.js]
[rexbd.net/html/renten/demo/assets/js/jquery-3.3.1.min.js]
[rexbd.net/html/renten/demo/assets/js/datepicker.en.js]
[rexbd.net/html/renten/demo/assets/js/datepicker.min.js]
[rexbd.net/html/renten/demo/assets/js/wickedpicker.min.js]
[rexbd.net/html/renten/demo/assets/js/owl.carousel.min.js]
[rexbd.net/html/renten/demo/home-two.html]
[rexbd.net/html/renten/demo/assets/js/main.js]
[rexbd.net/html/renten/demo/assets/fonts/fontawesome-webfont3e6e.woff2]
[rexbd.net/html/renten/demo/assets/js/jquery-ui.min.js]
[rexbd.net/html/renten/demo/assets/fonts/fontawesome-webfont3e6e.woff]
[rexbd.net/html/renten/demo/assets/fonts/fontawesome-webfont3e6e.eot]
[rexbd.net/html/renten/demo/assets/fonts/fontawesome-webfontd41d.eot]
[rexbd.net/html/renten/demo/assets/css/fontawesome.min.css]
[rexbd.net/html/renten/demo/assets/css/bootstrap.min.css]
[rexbd.net/html/renten/demo/assets/fonts/fontawesome-webfont3e6e.svg]
[rexbd.net/html/renten/demo/assets/fonts/lightcaseeead.eot]
[rexbd.net/html/renten/demo/assets/fonts/lightcaseeead.woff]
[rexbd.net/html/renten/demo/assets/fonts/lightcaseeead.ttf]
[rexbd.net/html/renten/demo/assets/fonts/lightcaseeead.svg]
[rexbd.net/html/renten/demo/assets/css/lightcase.css]
[rexbd.net/html/renten/demo/assets/css/animate.css]
[rexbd.net/html/renten/demo/assets/css/nice-select.css]
[rexbd.net/html/renten/demo/assets/css/datepicker.min.css]
[rexbd.net/html/renten/demo/assets/fonts/fontelloba04.eot]
[rexbd.net/html/renten/demo/assets/fonts/fontelloba04.woff]
[rexbd.net/html/renten/demo/assets/fonts/fontelloba04.ttf]
[rexbd.net/html/renten/demo/assets/fonts/fontelloba04.svg]
[rexbd.net/html/renten/demo/assets/css/wickedpicker.min.css]
[rexbd.net/html/renten/demo/assets/css/jquery-ui.min.css]
[rexbd.net/html/renten/demo/assets/css/owl.carousel.min.css]
[rexbd.net/html/renten/demo/assets/images/elements/header-line.png]
[rexbd.net/html/renten/demo/assets/images/elements/banner-bottom-shape.png]
[rexbd.net/html/renten/demo/assets/images/preloader.gif]
[rexbd.net/html/renten/demo/assets/css/main.css]
[rexbd.net/html/renten/demo/assets/images/logo1.png]
[rexbd.net/html/renten/demo/assets/fonts/fontawesome-webfont3e6e.ttf]
[rexbd.net/html/renten/demo/assets/images/elements/banner-man.png]
[rexbd.net/html/renten/demo/assets/images/elements/car.png]
[rexbd.net/html/renten/demo/assets/images/cars/1.jpg]
[rexbd.net/html/renten/demo/assets/images/cars/2.jpg]
[rexbd.net/html/renten/demo/assets/images/cars/3.jpg]
[rexbd.net/html/renten/demo/assets/images/overview/2.jpg]
[rexbd.net/html/renten/demo/assets/images/overview/1.jpg]
[rexbd.net/html/renten/demo/assets/images/team/1.jpg]
[rexbd.net/html/renten/demo/assets/images/team/2.jpg]
[rexbd.net/html/renten/demo/assets/images/team/3.jpg]
[rexbd.net/html/renten/demo/assets/images/testimonial-bg.jpg]
[rexbd.net/html/renten/demo/assets/images/blog/1.jpg]
[rexbd.net/html/renten/demo/assets/images/blog/2.jpg]
[rexbd.net/html/renten/demo/assets/images/blog/3.jpg]
[rexbd.net/html/renten/demo/assets/images/blog/4.jpg]
[rexbd.net/html/renten/demo/assets/images/brand-logo/1.png]
[rexbd.net/html/renten/demo/assets/images/brand-logo/2.png]
[rexbd.net/html/renten/demo/assets/images/brand-logo/3.png]
[rexbd.net/html/renten/demo/assets/images/brand-logo/4.png]
[rexbd.net/html/renten/demo/home-one.html]
[rexbd.net/html/renten/demo/assets/images/inner-page-bg.jpg]
[rexbd.net/html/renten/demo/assets/images/elements/call-action-personj.png]
[rexbd.net/html/renten/demo/assets/images/cars/s1.jpg]
[rexbd.net/html/renten/demo/assets/images/cars/s2.jpg]
[rexbd.net/html/renten/demo/assets/images/cars/s3.jpg]
[rexbd.net/html/renten/demo/assets/images/cars/s4.jpg]
[rexbd.net/html/renten/demo/assets/images/elements/company-char.jpg]
[rexbd.net/html/renten/demo/about.html]
[rexbd.net/html/renten/demo/assets/images/cars/4.jpg]
[rexbd.net/html/renten/demo/assets/images/cars/5.jpg]
[rexbd.net/html/renten/demo/assets/images/cars/6.jpg]
[rexbd.net/html/renten/demo/assets/images/cars/7.jpg]
[rexbd.net/html/renten/demo/assets/images/cars/8.jpg]
[rexbd.net/html/renten/demo/assets/images/cars/9.jpg]
[rexbd.net/html/renten/demo/car-list-one.html]
[rexbd.net/html/renten/demo/car-list-two.html]
[rexbd.net/html/renten/demo/assets/images/cars/b1.jpg]
[rexbd.net/html/renten/demo/reservation.html]
[rexbd.net/html/renten/demo/login.html]
[rexbd.net/html/renten/demo/registration.html]
[rexbd.net/html/renten/demo/assets/images/elements/404.png]
[rexbd.net/html/renten/demo/error-404.html]
[rexbd.net/html/renten/demo/assets/images/blog/m1.jpg]
[rexbd.net/html/renten/demo/assets/images/blog/m2.jpg]
[rexbd.net/html/renten/demo/assets/images/blog/m3.jpg]
[rexbd.net/html/renten/demo/blog.html]
[rexbd.net/html/renten/demo/assets/images/blog/s1.jpg]
[rexbd.net/html/renten/demo/assets/images/blog/s2.jpg]
[rexbd.net/html/renten/demo/assets/images/blog/s3.jpg]
[rexbd.net/html/renten/demo/assets/images/blog/author.jpg]
[rexbd.net/html/renten/demo/assets/images/blog/rp1.jpg]
[rexbd.net/html/renten/demo/assets/images/blog/rp2.jpg]
[rexbd.net/html/renten/demo/blog-details.html]
[rexbd.net/html/renten/demo/contact.html]
[rexbd.net/html/renten/demo/assets/fonts/fontawesome-webfont3e6e.svg]
[rexbd.net/html/renten/demo/assets/fonts/lightcaseeead.svg]
[rexbd.net/html/renten/demo/assets/fonts/fontelloba04.svg]
[rexbd.net/html/renten/demo/assets/css/images/ui-icons_444444_256x240.html]
[rexbd.net/html/renten/demo/assets/css/images/ui-icons_555555_256x240.html]
[rexbd.net/html/renten/demo/assets/css/images/ui-icons_ffffff_256x240.html]
[rexbd.net/html/renten/demo/assets/css/images/ui-icons_777620_256x240.html]
[rexbd.net/html/renten/demo/assets/css/images/ui-icons_cc0000_256x240.html]
[rexbd.net/html/renten/demo/assets/css/images/ui-icons_777777_256x240.html]
[rexbd.net/html/renten/demo/assets/css/owl.video.play.html]
